// Jest Snapshot v1, https://goo.gl/fbAQLP

exports[`InfiniteList snapshot 1`] = `
<div
  className="wrapper infinite-list"
  onScroll={[MockFunction]}
>
  <BeforeList
    data={
      Array [
        Object {
          "field": 1,
          "id": 1,
          "key": 1,
        },
        Object {
          "field": 2,
          "id": 2,
          "key": 2,
        },
      ]
    }
  />
  <Row
    field={1}
    id={1}
    key="1"
  />
  <Row
    field={2}
    id={2}
    key="2"
  />
  <div />
</div>
`;
