// Jest Snapshot v1, https://goo.gl/fbAQLP

exports[`RadioSelectRowCell should match snapshot 1`] = `
<div
  className="wrapper"
  onClick={[Function]}
  onKeyDown={[Function]}
>
  <ForwardRef(Radio)
    checked={true}
    onChange={[MockFunction]}
  />
</div>
`;
